// Jest Snapshot v1, https://goo.gl/fbAQLP

exports[`Components renders Home correctly 1`] = `
<ContextProvider
  value={
    Object {
      "hasSelection": false,
      "setSelection": [Function],
    }
  }
>
  <div
    className="map_container"
  >
    <div
      id="map"
    >
      <withScriptjs(withGoogleMap(Map))
        containerElement={
          <div
            className="containerElement"
            style={
              Object {
                "height": "100vh",
              }
            }
          />
        }
        googleMapURL="https://maps.googleapis.com/maps/api/js?v=3.exp&libraries=geometry,drawing,places&key=undefined"
        loadingElement={
          <div
            className="loadingElement"
            style={
              Object {
                "height": "100vh",
              }
            }
          />
        }
        mapElement={
          <div
            className="mapElement"
            style={
              Object {
                "height": "100vh",
                "width": "100vw",
              }
            }
          />
        }
      />
    </div>
  </div>
</ContextProvider>
`;

exports[`Components renders InfoDisplay with location properties 1`] = `
<div
  className="info_display active"
>
  <div
    className="info_container"
  >
    <div
      className="button_container"
    >
      <button
        className="playBtn"
        onClick={[Function]}
      >
        PLAY
      </button>
    </div>
    <main
      className="info"
    >
      <div
        className="header-button"
      >
        <header>
          <h2>
            Location Name
          </h2>
          <p>
            Currently Available!
          </p>
        </header>
      </div>
      <section
        className="main_info"
      >
        <p />
        <div
          className="address"
        >
          <h3>
            Address:
          </h3>
          <p>
            Location Address
          </p>
        </div>
      </section>
    </main>
  </div>
</div>
`;

exports[`Components renders Map correctly 1`] = `ShallowWrapper {}`;
