// Jest Snapshot v1, https://goo.gl/fbAQLP

exports[`Nav renders Nav correctly 1`] = `
<nav>
  <div
    className="searchbar_container"
    onBlur={[Function]}
    onFocus={[Function]}
  >
    <div
      className="on"
      id="magnifying-glass"
    />
    <input
      className="searchbar_input"
      onChange={[Function]}
      onKeyPress={[Function]}
      placeholder="search..."
    />
  </div>
  <div
    className="search"
    onClick={[Function]}
  >
    <div
      className="search_btn_container"
    >
      <div
        className="search_btn"
      >
        <span
          className=""
        />
      </div>
    </div>
  </div>
  <div
    className="hamburger_container"
  >
    <div
      className="hamburger"
      id="hamburger"
      onClick={[Function]}
    >
      <div
        className="line"
      />
      <div
        className="line"
      />
      <div
        className="line"
      />
    </div>
  </div>
  <div
    className="nav-links_container"
  >
    <ul
      className="nav-links"
    >
      <NavLink
        className="link"
        name="home"
        onClick={[Function]}
        to="/home"
      >
        Home
      </NavLink>
      <span
        className="link "
        name="chat"
        onClick={[Function]}
      >
        Chat
      </span>
      <NavLink
        className="link"
        name="profile"
        onClick={[Function]}
        to="/profile"
      >
        Profile
      </NavLink>
      <NavLink
        className="link"
        name="logout"
        onClick={[Function]}
        to="/login"
      >
        Login
      </NavLink>
    </ul>
  </div>
</nav>
`;
